// Jest Snapshot v1, https://goo.gl/fbAQLP

exports[`Testing snapshot test for singlepost 1`] = `
"<div className=\\"singlePost\\">
  <div className=\\"singlePostWrapper\\">
    <img className=\\"singlePostImg\\" src=\\"https://images.pexels.com/photos/6685428/pexels-photo-6685428.jpeg?auto=compress&cs=tinysrgb&dpr=2&w=500\\" alt=\\"\\" />
    <h1 className=\\"singlePostTitle\\">
      Aman Johri
      <div className=\\"singlePostEdit\\">
        <i className=\\"singlePostIcon fa fa-edit\\" id=\\"edit\\" onClick={[Function (anonymous)]} />
        <i className=\\"singlePostIcon fa fa-trash\\" id=\\"delete\\" onClick={[Function (anonymous)]} />
      </div>
    </h1>
    <div className=\\"singlePostInfo\\">
      <span className=\\"singlePostAuthor\\">
        Author: 
        <b>
          Aman
        </b>
      </span>
      <span className=\\"singlePostDate\\">
        Sat Apr 02 2022
      </span>
    </div>
    <p className=\\"singlePostDesc\\">
      Hello, I am Aman Johri
    </p>
    <button className=\\"singlePostBtn\\" hidden={true} onClick={[Function (anonymous)]} id=\\"updatebtn\\">
      Update
    </button>
  </div>
</div>"
`;
