// Jest Snapshot v1, https://goo.gl/fbAQLP

exports[`Testing snapshot test for Create Post 1`] = `
"<div className=\\"write\\">
  <img className=\\"writeImg\\" src=\\"https://images.pexels.com/photos/6685428/pexels-photo-6685428.jpeg?auto=compress&cs=tinysrgb&dpr=2&w=500\\" alt=\\"\\" />
  <form className=\\"writeForm\\" onSubmit={[Function (anonymous)]}>
    <div className=\\"writeFormGroup\\">
      <input className=\\"writeInput1\\" placeholder=\\"Title...\\" type=\\"text\\" id=\\"title\\" onKeyUp={[Function (anonymous)]} onChange={[Function (anonymous)]} />
      <input className=\\"category\\" placeholder=\\"Category...\\" type=\\"text\\" id=\\"category\\" onKeyup={[Function (anonymous)]} onChange={[Function (anonymous)]} />
    </div>
    <div className=\\"writeFormGroup\\">
      <textarea className=\\"writeInput2 writeText\\" placeholder=\\"Tell your story...\\" type=\\"text\\" id=\\"desc\\" onKeyUp={[Function (anonymous)]} onChange={[Function (anonymous)]} />
    </div>
    <h4 style={{...}}>
      *To enable Publish button provide all the fields value correctly
    </h4>
    <button className=\\"writeSubmit\\" type=\\"submit\\" disabled={true} id=\\"btn\\">
      Publish
    </button>
  </form>
</div>"
`;
